---
source: tket2/src/portmatching/indexing/path.rs
expression: path
---
[
    (
        Port(
            Incoming,
            3,
        ),
        3,
    ),
    (
        Port(
            Outgoing,
            1,
        ),
        2,
    ),
]
