---
source: tket-qsystem/src/llvm/result.rs
expression: mod_str
---
; ModuleID = 'test_context'
source_filename = "test_context"

@res_test_uint.DE04EADD.0 = private constant [19 x i8] c"\12USER:INT:test_uint"

define private void @_hl.main.1(i64 %0) {
alloca_block:
  br label %entry_block

entry_block:                                      ; preds = %alloca_block
  %tag_len = load i8, i8* getelementptr inbounds ([19 x i8], [19 x i8]* @res_test_uint.DE04EADD.0, i32 0, i32 0), align 1
  %tag_len2 = zext i8 %tag_len to i64
  call void @print_uint(i8* getelementptr inbounds ([19 x i8], [19 x i8]* @res_test_uint.DE04EADD.0, i32 0, i32 0), i64 %tag_len2, i64 %0)
  ret void
}

declare void @print_uint(i8*, i64, i64)
