---
source: tket-qsystem/src/llvm/qsystem.rs
expression: mod_str
---
; ModuleID = 'test_context'
source_filename = "test_context"

define private i64 @_hl.main.1(i64 %0, double %1) {
alloca_block:
  %"0" = alloca i64, align 8
  %"2_0" = alloca i64, align 8
  %"2_1" = alloca double, align 8
  %"4_0" = alloca i64, align 8
  br label %entry_block

entry_block:                                      ; preds = %alloca_block
  store i64 %0, i64* %"2_0", align 4
  store double %1, double* %"2_1", align 8
  %"2_01" = load i64, i64* %"2_0", align 4
  %"2_12" = load double, double* %"2_1", align 8
  call void @___rz(i64 %"2_01", double %"2_12")
  store i64 %"2_01", i64* %"4_0", align 4
  %"4_03" = load i64, i64* %"4_0", align 4
  store i64 %"4_03", i64* %"0", align 4
  %"04" = load i64, i64* %"0", align 4
  ret i64 %"04"
}

declare void @___rz(i64, double)
