---
source: tket-qsystem/src/llvm/random.rs
expression: mod_str
---
; ModuleID = 'test_context'
source_filename = "test_context"

define private void @_hl.main.1({} %0) {
alloca_block:
  br label %entry_block

entry_block:                                      ; preds = %alloca_block
  ret void
}
