---
source: tket-qsystem/src/llvm/futures.rs
expression: mod_str
---
; ModuleID = 'test_context'
source_filename = "test_context"

define private i64 @_hl.main.1(i64 %0) {
alloca_block:
  %"0" = alloca i64, align 8
  %"2_0" = alloca i64, align 8
  %"4_0" = alloca i64, align 8
  br label %entry_block

entry_block:                                      ; preds = %alloca_block
  store i64 %0, i64* %"2_0", align 4
  %"2_01" = load i64, i64* %"2_0", align 4
  %read_uint = call i64 @___read_future_uint(i64 %"2_01")
  call void @___dec_future_refcount(i64 %"2_01")
  store i64 %read_uint, i64* %"4_0", align 4
  %"4_02" = load i64, i64* %"4_0", align 4
  store i64 %"4_02", i64* %"0", align 4
  %"03" = load i64, i64* %"0", align 4
  ret i64 %"03"
}

declare i64 @___read_future_uint(i64)

declare void @___dec_future_refcount(i64)
