---
source: tket-qsystem/src/llvm/futures.rs
expression: mod_str
---
; ModuleID = 'test_context'
source_filename = "test_context"

define private void @_hl.main.1(i64 %0) {
alloca_block:
  br label %entry_block

entry_block:                                      ; preds = %alloca_block
  call void @___dec_future_refcount(i64 %0)
  ret void
}

declare void @___dec_future_refcount(i64)
