---
source: tket-qsystem/src/llvm/utils.rs
expression: mod_str
---
; ModuleID = 'test_context'
source_filename = "test_context"

define private i64 @_hl.main.1() {
alloca_block:
  br label %entry_block

entry_block:                                      ; preds = %alloca_block
  %shot = call i64 @get_current_shot()
  ret i64 %shot
}

declare i64 @get_current_shot()
