---
source: tket-qsystem/src/llvm/random.rs
expression: mod_str
---
; ModuleID = 'test_context'
source_filename = "test_context"

define private i1 @_hl.main.1(i64 %0) {
alloca_block:
  %"0" = alloca i1, align 1
  %"2_0" = alloca i64, align 8
  %"4_0" = alloca i1, align 1
  br label %entry_block

entry_block:                                      ; preds = %alloca_block
  store i64 %0, i64* %"2_0", align 4
  %"2_01" = load i64, i64* %"2_0", align 4
  call void @random_seed(i64 %"2_01")
  store i1 true, i1* %"4_0", align 1
  %"4_02" = load i1, i1* %"4_0", align 1
  store i1 %"4_02", i1* %"0", align 1
  %"03" = load i1, i1* %"0", align 1
  ret i1 %"03"
}

declare void @random_seed(i64)
