---
source: tket/src/llvm/rotation.rs
expression: mod_str
---
; ModuleID = 'test_context'
source_filename = "test_context"

@0 = private unnamed_addr constant [46 x i8] c"tket.rotation.from_halfturns_unchecked failed\00", align 1
@prelude.panic_template = private unnamed_addr constant [34 x i8] c"Program panicked (signal %i): %s\0A\00", align 1
@1 = private unnamed_addr constant [37 x i8] c"Expected variant 1 but got variant 0\00", align 1
@prelude.panic_template.1 = private unnamed_addr constant [34 x i8] c"Program panicked (signal %i): %s\0A\00", align 1

define private void @_hl.main.1(double %0) {
alloca_block:
  br label %entry_block

entry_block:                                      ; preds = %alloca_block
  %1 = fcmp oeq double %0, 0x7FF0000000000000
  %2 = fcmp oeq double %0, 0xFFF0000000000000
  %3 = fcmp uno double %0, 0.000000e+00
  %4 = or i1 %1, %2
  %5 = or i1 %4, %3
  %6 = xor i1 %5, true
  br i1 %6, label %9, label %7

7:                                                ; preds = %entry_block
  %8 = call i32 (i8*, ...) @printf(i8* getelementptr inbounds ([34 x i8], [34 x i8]* @prelude.panic_template, i32 0, i32 0), i32 1, i8* getelementptr inbounds ([46 x i8], [46 x i8]* @0, i32 0, i32 0))
  call void @abort()
  unreachable

9:                                                ; preds = %entry_block
  %10 = fcmp oeq double %0, 0x7FF0000000000000
  %11 = fcmp oeq double %0, 0xFFF0000000000000
  %12 = fcmp uno double %0, 0.000000e+00
  %13 = or i1 %10, %11
  %14 = or i1 %13, %12
  %15 = xor i1 %14, true
  %16 = insertvalue { i1, double } { i1 true, double poison }, double %0, 1
  %17 = select i1 %15, { i1, double } %16, { i1, double } { i1 false, double poison }
  %18 = extractvalue { i1, double } %17, 0
  switch i1 %18, label %19 [
    i1 true, label %20
  ]

19:                                               ; preds = %9
  br label %cond_7_case_0

20:                                               ; preds = %9
  %21 = extractvalue { i1, double } %17, 1
  br label %cond_7_case_1

cond_7_case_0:                                    ; preds = %19
  %22 = extractvalue { i32, i8* } { i32 1, i8* getelementptr inbounds ([37 x i8], [37 x i8]* @1, i32 0, i32 0) }, 0
  %23 = extractvalue { i32, i8* } { i32 1, i8* getelementptr inbounds ([37 x i8], [37 x i8]* @1, i32 0, i32 0) }, 1
  %24 = call i32 (i8*, ...) @printf(i8* getelementptr inbounds ([34 x i8], [34 x i8]* @prelude.panic_template.1, i32 0, i32 0), i32 %22, i8* %23)
  call void @abort()
  br label %cond_exit_7

cond_7_case_1:                                    ; preds = %20
  br label %cond_exit_7

cond_exit_7:                                      ; preds = %cond_7_case_1, %cond_7_case_0
  %"0.0" = phi double [ 0.000000e+00, %cond_7_case_0 ], [ %21, %cond_7_case_1 ]
  %25 = fadd double %0, %"0.0"
  ret void
}

declare i32 @printf(i8*, ...)

declare void @abort()
